[ {
  "id" : "p1.1.m1.1.1.1.cmml",
  "depth" : 1,
  "coverage" : 1.0,
  "matches" : [ {
    "id" : "p1.1.m1.1.1.1.cmml",
    "assessment" : 1.0,
    "depth" : 1,
    "coverage" : 1.0,
    "type" : "identical"
  } ]
}, {
  "id" : "p1.1.m1.1.3.2.1.1.cmml",
  "depth" : 2,
  "coverage" : 1.0,
  "matches" : [ {
    "id" : "p1.1.m1.1.3.2.1.1.cmml",
    "assessment" : 1.0,
    "depth" : 2,
    "coverage" : 1.0,
    "type" : "identical"
  } ]
}, {
  "id" : "p1.1.m1.1.3.4.7.cmml",
  "depth" : 3,
  "coverage" : 1.0,
  "matches" : [ {
    "id" : "p1.1.m1.1.3.4.7.cmml",
    "assessment" : 1.0,
    "depth" : 3,
    "coverage" : 1.0,
    "type" : "identical"
  } ]
} ]